66.249.75.170 - - [15/Apr/2013:02:05:44 +0000] "GET /images/stgeorge.jpg HTTP/1.1" 200 90333 "-" "Googlebot-Image/1.0"
66.249.75.170 - - [15/Apr/2013:02:06:16 +0000] "GET /images/mariastower.jpg HTTP/1.1" 200 23396 "-" "Googlebot-Image/1.0"
202.46.60.17 - - [15/Apr/2013:03:10:50 +0000] "GET / HTTP/1.1" 200 1923 "-" "Mozilla/4.0 (compatible; MSIE 7.0; Windows NT 6.0)"
119.63.193.196 - - [15/Apr/2013:03:12:02 +0000] "GET / HTTP/1.1" 200 1923 "-" "Mozilla/4.0 (compatible; MSIE 7.0; Windows NT 6.0)"
66.249.75.183 - - [15/Apr/2013:03:13:05 +0000] "GET /robots.txt HTTP/1.1" 404 504 "-" "Mozilla/5.0 (compatible; Googlebot/2.1; +http://www.google.com/bot.html)"
66.249.75.183 - - [15/Apr/2013:03:13:05 +0000] "GET / HTTP/1.1" 200 1090 "-" "Mozilla/5.0 (iPhone; U; CPU iPhone OS 4_1 like Mac OS X; en-us) AppleWebKit/532.9 (KHTML, like Gecko) Version/4.0.5 Mobile/8B117 Safari/6531.22.7 (compatible; Googlebot-Mobile/2.1; +http://www.google.com/bot.html)"
92.245.49.39 - - [15/Apr/2013:03:25:16 +0000] "GET /admin.php HTTP/1.0" 404 528 "-" "Opera/9.80 (Windows NT 6.1; U; ru) Presto/2.8.131 Version/11.10"
92.245.49.39 - - [15/Apr/2013:03:25:16 +0000] "GET /administrator/index.php HTTP/1.0" 404 542 "-" "Opera/9.80 (Windows NT 6.1; U; ru) Presto/2.8.131 Version/11.10"
92.245.49.39 - - [15/Apr/2013:03:25:17 +0000] "GET /wp-login.php HTTP/1.0" 404 531 "-" "Opera/9.80 (Windows NT 6.1; U; ru) Presto/2.8.131 Version/11.10"
66.249.75.170 - - [15/Apr/2013:04:02:05 +0000] "GET /images/lawenkokoyi.jpg HTTP/1.1" 200 269175 "-" "Googlebot-Image/1.0"
199.30.16.62 - - [15/Apr/2013:05:21:47 +0000] "GET /robots.txt HTTP/1.1" 404 470 "-" "msnbot-media/1.1 (+http://search.msn.com/msnbot.htm)"
199.30.16.62 - - [15/Apr/2013:05:21:47 +0000] "GET /icons/folder.gif HTTP/1.1" 200 478 "-" "msnbot-media/1.1 (+http://search.msn.com/msnbot.htm)"
66.249.75.183 - - [15/Apr/2013:09:40:51 +0000] "GET / HTTP/1.1" 200 1090 "-" "Mozilla/5.0 (compatible; Googlebot/2.1; +http://www.google.com/bot.html)"
66.249.75.183 - - [15/Apr/2013:09:48:20 +0000] "GET /style.css HTTP/1.1" 200 1211 "-" "Mozilla/5.0 (compatible; Googlebot/2.1; +http://www.google.com/bot.html)"
78.158.11.226 - - [15/Apr/2013:09:53:51 +0000] "GET / HTTP/1.1" 200 1923 "http://evuln.com/tools/malware-scanner/howshousing.com/" "Lynx/2.8.5rel.1 libwww-FM/2.15FC SSL-MM/1.4.1c OpenSSL/0.9.7e-dev"
78.158.11.226 - - [15/Apr/2013:09:53:52 +0000] "GET / HTTP/1.1" 200 1923 "http://www.google.com/url?sa=t&rct=j&q=howshousing.com&source=web&cd=5&ved=0CF0QFjAE&url=http:%2F%2Fhowshousing.com%2F&cad=rja" "Lynx/2.8.5rel.1 libwww-FM/2.15FC SSL-MM/1.4.1c OpenSSL/0.9.7e-dev"
78.158.11.226 - - [15/Apr/2013:09:53:52 +0000] "GET /rules.html HTTP/1.1" 200 2166 "-" "Lynx/2.8.5rel.1 libwww-FM/2.15FC SSL-MM/1.4.1c OpenSSL/0.9.7e-dev"
199.30.16.6 - - [15/Apr/2013:15:37:17 +0000] "GET /robots.txt HTTP/1.1" 404 470 "-" "msnbot-media/1.1 (+http://search.msn.com/msnbot.htm)"
199.30.16.6 - - [15/Apr/2013:15:37:17 +0000] "GET /icons/blank.gif HTTP/1.1" 200 401 "-" "msnbot-media/1.1 (+http://search.msn.com/msnbot.htm)"
66.249.76.170 - - [15/Apr/2013:20:36:43 +0000] "GET /robots.txt HTTP/1.1" 404 507 "-" "Mozilla/5.0 (compatible; Googlebot/2.1; +http://www.google.com/bot.html)"
66.249.76.170 - - [15/Apr/2013:20:36:43 +0000] "GET / HTTP/1.1" 200 1090 "-" "Mozilla/5.0 (compatible; Googlebot/2.1; +http://www.google.com/bot.html)"
198.105.46.69 - - [16/Apr/2013:02:01:00 +0000] "GET / HTTP/1.1" 200 1090 "-" "Mozilla/5.0 (iPad; CPU OS 6_1_3 like Mac OS X) AppleWebKit/536.26 (KHTML, like Gecko) CriOS/26.0.1410.50 Mobile/10B329 Safari/8536.25"
198.105.46.69 - - [16/Apr/2013:02:01:00 +0000] "GET /style.css HTTP/1.1" 200 1210 "http://howshousing.com/" "Mozilla/5.0 (iPad; CPU OS 6_1_3 like Mac OS X) AppleWebKit/536.26 (KHTML, like Gecko) CriOS/26.0.1410.50 Mobile/10B329 Safari/8536.25"
198.105.46.69 - - [16/Apr/2013:02:01:00 +0000] "GET /images/background.png HTTP/1.1" 200 759 "http://howshousing.com/" "Mozilla/5.0 (iPad; CPU OS 6_1_3 like Mac OS X) AppleWebKit/536.26 (KHTML, like Gecko) CriOS/26.0.1410.50 Mobile/10B329 Safari/8536.25"
198.105.46.69 - - [16/Apr/2013:02:01:00 +0000] "GET /images/footer.png HTTP/1.1" 200 623 "http://howshousing.com/" "Mozilla/5.0 (iPad; CPU OS 6_1_3 like Mac OS X) AppleWebKit/536.26 (KHTML, like Gecko) CriOS/26.0.1410.50 Mobile/10B329 Safari/8536.25"
198.105.46.69 - - [16/Apr/2013:02:01:00 +0000] "GET /images/content_back.png HTTP/1.1" 200 585 "http://howshousing.com/" "Mozilla/5.0 (iPad; CPU OS 6_1_3 like Mac OS X) AppleWebKit/536.26 (KHTML, like Gecko) CriOS/26.0.1410.50 Mobile/10B329 Safari/8536.25"
198.105.46.69 - - [16/Apr/2013:02:01:00 +0000] "GET /images/main.png HTTP/1.1" 200 219111 "http://howshousing.com/" "Mozilla/5.0 (iPad; CPU OS 6_1_3 like Mac OS X) AppleWebKit/536.26 (KHTML, like Gecko) CriOS/26.0.1410.50 Mobile/10B329 Safari/8536.25"
198.105.46.69 - - [16/Apr/2013:02:01:02 +0000] "GET /favicon.ico HTTP/1.1" 404 503 "-" "Mozilla/5.0 (iPad; CPU OS 6_1_3 like Mac OS X) AppleWebKit/536.26 (KHTML, like Gecko) CriOS/26.0.1410.50 Mobile/10B329 Safari/8536.25"
198.105.46.69 - - [16/Apr/2013:02:01:02 +0000] "GET /apple-touch-icon-precomposed.png HTTP/1.1" 404 517 "-" "Mozilla/5.0 (iPad; CPU OS 6_1_3 like Mac OS X) AppleWebKit/536.26 (KHTML, like Gecko) CriOS/26.0.1410.50 Mobile/10B329 Safari/8536.25"
198.105.46.69 - - [16/Apr/2013:02:06:24 +0000] "GET / HTTP/1.1" 200 1090 "-" "Mozilla/5.0 (Macintosh; Intel Mac OS X 10_7_4) AppleWebKit/537.31 (KHTML, like Gecko) Chrome/26.0.1410.43 Safari/537.31"
198.105.46.69 - - [16/Apr/2013:02:06:24 +0000] "GET /style.css HTTP/1.1" 200 1210 "http://howshousing.com/" "Mozilla/5.0 (Macintosh; Intel Mac OS X 10_7_4) AppleWebKit/537.31 (KHTML, like Gecko) Chrome/26.0.1410.43 Safari/537.31"
198.105.46.69 - - [16/Apr/2013:02:06:24 +0000] "GET /images/background.png HTTP/1.1" 200 759 "http://howshousing.com/" "Mozilla/5.0 (Macintosh; Intel Mac OS X 10_7_4) AppleWebKit/537.31 (KHTML, like Gecko) Chrome/26.0.1410.43 Safari/537.31"
198.105.46.69 - - [16/Apr/2013:02:06:25 +0000] "GET /images/content_back.png HTTP/1.1" 200 584 "http://howshousing.com/" "Mozilla/5.0 (Macintosh; Intel Mac OS X 10_7_4) AppleWebKit/537.31 (KHTML, like Gecko) Chrome/26.0.1410.43 Safari/537.31"
198.105.46.69 - - [16/Apr/2013:02:06:25 +0000] "GET /images/footer.png HTTP/1.1" 200 623 "http://howshousing.com/" "Mozilla/5.0 (Macintosh; Intel Mac OS X 10_7_4) AppleWebKit/537.31 (KHTML, like Gecko) Chrome/26.0.1410.43 Safari/537.31"
198.105.46.69 - - [16/Apr/2013:02:06:25 +0000] "GET / HTTP/1.1" 200 1090 "-" "Mozilla/5.0 (Macintosh; Intel Mac OS X 10_6_8) AppleWebKit/534.58.2 (KHTML, like Gecko) Version/5.1.8 Safari/534.58.2"
198.105.46.69 - - [16/Apr/2013:02:06:24 +0000] "GET /images/main.png HTTP/1.1" 200 219111 "http://howshousing.com/" "Mozilla/5.0 (Macintosh; Intel Mac OS X 10_7_4) AppleWebKit/537.31 (KHTML, like Gecko) Chrome/26.0.1410.43 Safari/537.31"
198.105.46.69 - - [16/Apr/2013:02:06:25 +0000] "GET /style.css HTTP/1.1" 200 1210 "http://howshousing.com/" "Mozilla/5.0 (Macintosh; Intel Mac OS X 10_6_8) AppleWebKit/534.58.2 (KHTML, like Gecko) Version/5.1.8 Safari/534.58.2"
198.105.46.69 - - [16/Apr/2013:02:06:25 +0000] "GET / HTTP/1.1" 200 1090 "-" "Mozilla/5.0 (Windows NT 6.1; WOW64) AppleWebKit/537.31 (KHTML, like Gecko) Chrome/26.0.1410.64 Safari/537.31"
198.105.46.69 - - [16/Apr/2013:02:06:25 +0000] "GET /images/background.png HTTP/1.1" 200 760 "http://howshousing.com/" "Mozilla/5.0 (Macintosh; Intel Mac OS X 10_6_8) AppleWebKit/534.58.2 (KHTML, like Gecko) Version/5.1.8 Safari/534.58.2"
198.105.46.69 - - [16/Apr/2013:02:06:25 +0000] "GET /images/content_back.png HTTP/1.1" 200 585 "http://howshousing.com/" "Mozilla/5.0 (Macintosh; Intel Mac OS X 10_6_8) AppleWebKit/534.58.2 (KHTML, like Gecko) Version/5.1.8 Safari/534.58.2"
198.105.46.69 - - [16/Apr/2013:02:06:25 +0000] "GET /images/footer.png HTTP/1.1" 200 623 "http://howshousing.com/" "Mozilla/5.0 (Macintosh; Intel Mac OS X 10_6_8) AppleWebKit/534.58.2 (KHTML, like Gecko) Version/5.1.8 Safari/534.58.2"
198.105.46.69 - - [16/Apr/2013:02:06:25 +0000] "GET /images/main.png HTTP/1.1" 200 219110 "http://howshousing.com/" "Mozilla/5.0 (Macintosh; Intel Mac OS X 10_6_8) AppleWebKit/534.58.2 (KHTML, like Gecko) Version/5.1.8 Safari/534.58.2"
198.105.46.69 - - [16/Apr/2013:02:06:25 +0000] "GET /style.css HTTP/1.1" 200 1210 "http://howshousing.com/" "Mozilla/5.0 (Windows NT 6.1; WOW64) AppleWebKit/537.31 (KHTML, like Gecko) Chrome/26.0.1410.64 Safari/537.31"
198.105.46.69 - - [16/Apr/2013:02:06:25 +0000] "GET /favicon.ico HTTP/1.1" 404 503 "-" "Mozilla/5.0 (Macintosh; Intel Mac OS X 10_7_4) AppleWebKit/537.31 (KHTML, like Gecko) Chrome/26.0.1410.43 Safari/537.31"
198.105.46.69 - - [16/Apr/2013:02:06:25 +0000] "GET /favicon.ico HTTP/1.1" 404 503 "http://howshousing.com/" "Mozilla/5.0 (Macintosh; Intel Mac OS X 10_6_8) AppleWebKit/534.58.2 (KHTML, like Gecko) Version/5.1.8 Safari/534.58.2"
198.105.46.70 - - [16/Apr/2013:02:06:25 +0000] "GET / HTTP/1.1" 200 1090 "-" "Mozilla/5.0 (Macintosh; Intel Mac OS X 10_7_5) AppleWebKit/537.31 (KHTML, like Gecko) Chrome/26.0.1410.65 Safari/537.31"
198.105.46.69 - - [16/Apr/2013:02:06:26 +0000] "GET / HTTP/1.1" 200 1090 "-" "Mozilla/5.0 (Macintosh; Intel Mac OS X 10_8_3) AppleWebKit/537.31 (KHTML, like Gecko) Chrome/26.0.1410.65 Safari/537.31"
198.105.46.69 - - [16/Apr/2013:02:06:26 +0000] "GET /style.css HTTP/1.1" 200 1210 "http://howshousing.com/" "Mozilla/5.0 (Macintosh; Intel Mac OS X 10_8_3) AppleWebKit/537.31 (KHTML, like Gecko) Chrome/26.0.1410.65 Safari/537.31"
198.105.46.69 - - [16/Apr/2013:02:06:26 +0000] "GET /images/background.png HTTP/1.1" 200 759 "http://howshousing.com/" "Mozilla/5.0 (Macintosh; Intel Mac OS X 10_8_3) AppleWebKit/537.31 (KHTML, like Gecko) Chrome/26.0.1410.65 Safari/537.31"
198.105.46.70 - - [16/Apr/2013:02:06:26 +0000] "GET /style.css HTTP/1.1" 200 1210 "http://howshousing.com/" "Mozilla/5.0 (Macintosh; Intel Mac OS X 10_7_5) AppleWebKit/537.31 (KHTML, like Gecko) Chrome/26.0.1410.65 Safari/537.31"
198.105.46.70 - - [16/Apr/2013:02:06:26 +0000] "GET /images/background.png HTTP/1.1" 200 759 "http://howshousing.com/" "Mozilla/5.0 (Macintosh; Intel Mac OS X 10_7_5) AppleWebKit/537.31 (KHTML, like Gecko) Chrome/26.0.1410.65 Safari/537.31"
198.105.46.69 - - [16/Apr/2013:02:06:26 +0000] "GET /images/main.png HTTP/1.1" 200 219110 "http://howshousing.com/" "Mozilla/5.0 (Macintosh; Intel Mac OS X 10_8_3) AppleWebKit/537.31 (KHTML, like Gecko) Chrome/26.0.1410.65 Safari/537.31"
198.105.46.69 - - [16/Apr/2013:02:06:26 +0000] "GET /images/content_back.png HTTP/1.1" 200 585 "http://howshousing.com/" "Mozilla/5.0 (Macintosh; Intel Mac OS X 10_8_3) AppleWebKit/537.31 (KHTML, like Gecko) Chrome/26.0.1410.65 Safari/537.31"
198.105.46.69 - - [16/Apr/2013:02:06:26 +0000] "GET /images/footer.png HTTP/1.1" 200 623 "http://howshousing.com/" "Mozilla/5.0 (Macintosh; Intel Mac OS X 10_8_3) AppleWebKit/537.31 (KHTML, like Gecko) Chrome/26.0.1410.65 Safari/537.31"
198.105.46.70 - - [16/Apr/2013:02:06:26 +0000] "GET /images/content_back.png HTTP/1.1" 200 584 "http://howshousing.com/" "Mozilla/5.0 (Macintosh; Intel Mac OS X 10_7_5) AppleWebKit/537.31 (KHTML, like Gecko) Chrome/26.0.1410.65 Safari/537.31"
198.105.46.69 - - [16/Apr/2013:02:06:26 +0000] "GET /images/background.png HTTP/1.1" 200 759 "http://howshousing.com/" "Mozilla/5.0 (Windows NT 6.1; WOW64) AppleWebKit/537.31 (KHTML, like Gecko) Chrome/26.0.1410.64 Safari/537.31"
198.105.46.69 - - [16/Apr/2013:02:06:26 +0000] "GET /favicon.ico HTTP/1.1" 404 503 "-" "Mozilla/5.0 (Macintosh; Intel Mac OS X 10_8_3) AppleWebKit/537.31 (KHTML, like Gecko) Chrome/26.0.1410.65 Safari/537.31"
198.105.46.69 - - [16/Apr/2013:02:06:26 +0000] "GET /images/main.png HTTP/1.1" 200 219111 "http://howshousing.com/" "Mozilla/5.0 (Windows NT 6.1; WOW64) AppleWebKit/537.31 (KHTML, like Gecko) Chrome/26.0.1410.64 Safari/537.31"
198.105.46.70 - - [16/Apr/2013:02:06:27 +0000] "GET /images/footer.png HTTP/1.1" 200 623 "http://howshousing.com/" "Mozilla/5.0 (Macintosh; Intel Mac OS X 10_7_5) AppleWebKit/537.31 (KHTML, like Gecko) Chrome/26.0.1410.65 Safari/537.31"
198.105.46.69 - - [16/Apr/2013:02:06:27 +0000] "GET / HTTP/1.1" 200 1090 "-" "Mozilla/5.0 (Windows NT 6.1; WOW64) AppleWebKit/537.31 (KHTML, like Gecko) Chrome/26.0.1410.64 Safari/537.31"
198.105.46.69 - - [16/Apr/2013:02:06:27 +0000] "GET /images/content_back.png HTTP/1.1" 200 585 "http://howshousing.com/" "Mozilla/5.0 (Windows NT 6.1; WOW64) AppleWebKit/537.31 (KHTML, like Gecko) Chrome/26.0.1410.64 Safari/537.31"
198.105.46.69 - - [16/Apr/2013:02:06:27 +0000] "GET /style.css HTTP/1.1" 200 1210 "http://howshousing.com/" "Mozilla/5.0 (Windows NT 6.1; WOW64) AppleWebKit/537.31 (KHTML, like Gecko) Chrome/26.0.1410.64 Safari/537.31"
198.105.46.69 - - [16/Apr/2013:02:06:27 +0000] "GET /images/background.png HTTP/1.1" 200 759 "http://howshousing.com/" "Mozilla/5.0 (Windows NT 6.1; WOW64) AppleWebKit/537.31 (KHTML, like Gecko) Chrome/26.0.1410.64 Safari/537.31"
198.105.46.69 - - [16/Apr/2013:02:06:28 +0000] "GET /tab.png HTTP/1.1" 404 501 "http://howshousing.com/" "Mozilla/5.0 (Macintosh; Intel Mac OS X 10_6_8) AppleWebKit/534.58.2 (KHTML, like Gecko) Version/5.1.8 Safari/534.58.2"
198.105.46.70 - - [16/Apr/2013:02:06:27 +0000] "GET /images/main.png HTTP/1.1" 200 219111 "http://howshousing.com/" "Mozilla/5.0 (Macintosh; Intel Mac OS X 10_7_5) AppleWebKit/537.31 (KHTML, like Gecko) Chrome/26.0.1410.65 Safari/537.31"
198.105.46.69 - - [16/Apr/2013:02:06:28 +0000] "GET /images/footer.png HTTP/1.1" 200 623 "http://howshousing.com/" "Mozilla/5.0 (Windows NT 6.1; WOW64) AppleWebKit/537.31 (KHTML, like Gecko) Chrome/26.0.1410.64 Safari/537.31"
198.105.46.69 - - [16/Apr/2013:02:06:28 +0000] "GET / HTTP/1.1" 200 1090 "-" "Mozilla/5.0 (Macintosh; Intel Mac OS X 10_7_5) AppleWebKit/536.28.10 (KHTML, like Gecko) Version/6.0.3 Safari/536.28.10"
198.105.46.69 - - [16/Apr/2013:02:06:28 +0000] "GET / HTTP/1.1" 200 1090 "-" "Mozilla/5.0 (Windows NT 6.1; WOW64; rv:20.0) Gecko/20100101 Firefox/20.0"
198.105.46.69 - - [16/Apr/2013:02:06:28 +0000] "GET /images/content_back.png HTTP/1.1" 200 585 "http://howshousing.com/" "Mozilla/5.0 (Windows NT 6.1; WOW64) AppleWebKit/537.31 (KHTML, like Gecko) Chrome/26.0.1410.64 Safari/537.31"
198.105.46.69 - - [16/Apr/2013:02:06:28 +0000] "GET /images/footer.png HTTP/1.1" 200 623 "http://howshousing.com/" "Mozilla/5.0 (Windows NT 6.1; WOW64) AppleWebKit/537.31 (KHTML, like Gecko) Chrome/26.0.1410.64 Safari/537.31"
198.105.46.70 - - [16/Apr/2013:02:06:28 +0000] "GET /favicon.ico HTTP/1.1" 404 503 "-" "Mozilla/5.0 (Macintosh; Intel Mac OS X 10_7_5) AppleWebKit/537.31 (KHTML, like Gecko) Chrome/26.0.1410.65 Safari/537.31"
198.105.46.69 - - [16/Apr/2013:02:06:28 +0000] "GET /favicon.ico HTTP/1.1" 404 503 "-" "Mozilla/5.0 (Windows NT 6.1; WOW64) AppleWebKit/537.31 (KHTML, like Gecko) Chrome/26.0.1410.64 Safari/537.31"
198.105.46.69 - - [16/Apr/2013:02:06:28 +0000] "GET /style.css HTTP/1.1" 200 1210 "http://howshousing.com/" "Mozilla/5.0 (Macintosh; Intel Mac OS X 10_7_5) AppleWebKit/536.28.10 (KHTML, like Gecko) Version/6.0.3 Safari/536.28.10"
198.105.46.69 - - [16/Apr/2013:02:06:28 +0000] "GET /images/background.png HTTP/1.1" 200 759 "http://howshousing.com/" "Mozilla/5.0 (Macintosh; Intel Mac OS X 10_7_5) AppleWebKit/536.28.10 (KHTML, like Gecko) Version/6.0.3 Safari/536.28.10"
198.105.46.69 - - [16/Apr/2013:02:06:28 +0000] "GET /images/main.png HTTP/1.1" 200 219111 "http://howshousing.com/" "Mozilla/5.0 (Windows NT 6.1; WOW64) AppleWebKit/537.31 (KHTML, like Gecko) Chrome/26.0.1410.64 Safari/537.31"
198.105.46.69 - - [16/Apr/2013:02:06:29 +0000] "GET /favicon.ico HTTP/1.1" 404 503 "-" "Mozilla/5.0 (Windows NT 6.1; WOW64) AppleWebKit/537.31 (KHTML, like Gecko) Chrome/26.0.1410.64 Safari/537.31"
198.105.46.70 - - [16/Apr/2013:02:06:29 +0000] "GET / HTTP/1.1" 200 1090 "-" "Mozilla/5.0 (Macintosh; Intel Mac OS X 10_8_3) AppleWebKit/536.28.10 (KHTML, like Gecko) Version/6.0.3 Safari/536.28.10"
198.105.46.70 - - [16/Apr/2013:02:06:29 +0000] "GET / HTTP/1.1" 200 1090 "-" "Mozilla/5.0 (Macintosh; Intel Mac OS X 10_8_2) AppleWebKit/536.26.17 (KHTML, like Gecko) Version/6.0.2 Safari/536.26.17"
198.105.46.70 - - [16/Apr/2013:02:06:29 +0000] "GET / HTTP/1.1" 200 1090 "-" "Mozilla/5.0 (Windows NT 6.1; WOW64; rv:20.0) Gecko/20100101 Firefox/20.0"
198.105.46.69 - - [16/Apr/2013:02:06:29 +0000] "GET /style.css HTTP/1.1" 200 1210 "http://howshousing.com/" "Mozilla/5.0 (Windows NT 6.1; WOW64; rv:20.0) Gecko/20100101 Firefox/20.0"
198.105.46.70 - - [16/Apr/2013:02:06:29 +0000] "GET / HTTP/1.1" 200 1090 "-" "Mozilla/5.0 (Macintosh; Intel Mac OS X 10_7_5) AppleWebKit/536.26.17 (KHTML, like Gecko) Version/6.0.2 Safari/536.26.17"
198.105.46.69 - - [16/Apr/2013:02:06:29 +0000] "GET /images/content_back.png HTTP/1.1" 200 585 "http://howshousing.com/" "Mozilla/5.0 (Macintosh; Intel Mac OS X 10_7_5) AppleWebKit/536.28.10 (KHTML, like Gecko) Version/6.0.3 Safari/536.28.10"
198.105.46.69 - - [16/Apr/2013:02:06:29 +0000] "GET /images/footer.png HTTP/1.1" 200 623 "http://howshousing.com/" "Mozilla/5.0 (Macintosh; Intel Mac OS X 10_7_5) AppleWebKit/536.28.10 (KHTML, like Gecko) Version/6.0.3 Safari/536.28.10"
198.105.46.70 - - [16/Apr/2013:02:06:29 +0000] "GET /style.css HTTP/1.1" 200 1210 "http://howshousing.com/" "Mozilla/5.0 (Macintosh; Intel Mac OS X 10_8_3) AppleWebKit/536.28.10 (KHTML, like Gecko) Version/6.0.3 Safari/536.28.10"
198.105.46.69 - - [16/Apr/2013:02:06:29 +0000] "GET /images/background.png HTTP/1.1" 200 759 "http://howshousing.com/style.css" "Mozilla/5.0 (Windows NT 6.1; WOW64; rv:20.0) Gecko/20100101 Firefox/20.0"
198.105.46.69 - - [16/Apr/2013:02:06:29 +0000] "GET / HTTP/1.1" 200 1090 "http://www.google.com/url?sa=t&rct=j&q=howshousing.com&source=web&cd=1&ved=0CDMQFjAA&url=http%3A%2F%2Fhowshousing.com%2F&ei=5rFsUezNL7TO0QHmjoDACg&usg=AFQjCNHPGHEKtnC9RpHHWuKIoUe9dO0nCA&bvm=bv.45175338,d.dmQ" "Mozilla/5.0 (Macintosh; Intel Mac OS X 10_7_5) AppleWebKit/534.57.7 (KHTML, like Gecko) Version/5.1.7 Safari/534.57.7"
198.105.46.70 - - [16/Apr/2013:02:06:29 +0000] "GET / HTTP/1.1" 200 1090 "-" "Mozilla/5.0 (Macintosh; Intel Mac OS X 10_8_2) AppleWebKit/537.31 (KHTML, like Gecko) Chrome/26.0.1410.43 Safari/537.31"
198.105.46.69 - - [16/Apr/2013:02:06:29 +0000] "GET /apple-touch-icon-precomposed.png HTTP/1.1" 404 518 "-" "Mozilla/5.0 (iPad; CPU OS 6_1_3 like Mac OS X) AppleWebKit/536.26 (KHTML, like Gecko) CriOS/26.0.1410.50 Mobile/10B329 Safari/8536.25"
198.105.46.69 - - [16/Apr/2013:02:06:29 +0000] "GET /favicon.ico HTTP/1.1" 404 504 "-" "Mozilla/5.0 (iPad; CPU OS 6_1_3 like Mac OS X) AppleWebKit/536.26 (KHTML, like Gecko) CriOS/26.0.1410.50 Mobile/10B329 Safari/8536.25"
198.105.46.70 - - [16/Apr/2013:02:06:29 +0000] "GET /images/background.png HTTP/1.1" 200 759 "http://howshousing.com/" "Mozilla/5.0 (Macintosh; Intel Mac OS X 10_8_3) AppleWebKit/536.28.10 (KHTML, like Gecko) Version/6.0.3 Safari/536.28.10"
198.105.46.70 - - [16/Apr/2013:02:06:29 +0000] "GET /style.css HTTP/1.1" 200 1210 "http://www.howshousing.com/" "Mozilla/5.0 (Windows NT 6.1; WOW64; rv:20.0) Gecko/20100101 Firefox/20.0"
198.105.46.69 - - [16/Apr/2013:02:06:29 +0000] "GET /images/content_back.png HTTP/1.1" 200 585 "http://howshousing.com/style.css" "Mozilla/5.0 (Windows NT 6.1; WOW64; rv:20.0) Gecko/20100101 Firefox/20.0"
198.105.46.69 - - [16/Apr/2013:02:06:29 +0000] "GET /images/footer.png HTTP/1.1" 200 623 "http://howshousing.com/style.css" "Mozilla/5.0 (Windows NT 6.1; WOW64; rv:20.0) Gecko/20100101 Firefox/20.0"
198.105.46.70 - - [16/Apr/2013:02:06:29 +0000] "GET /images/content_back.png HTTP/1.1" 200 585 "http://howshousing.com/" "Mozilla/5.0 (Macintosh; Intel Mac OS X 10_8_3) AppleWebKit/536.28.10 (KHTML, like Gecko) Version/6.0.3 Safari/536.28.10"
198.105.46.70 - - [16/Apr/2013:02:06:29 +0000] "GET /images/main.png HTTP/1.1" 200 219111 "http://howshousing.com/" "Mozilla/5.0 (Macintosh; Intel Mac OS X 10_8_3) AppleWebKit/536.28.10 (KHTML, like Gecko) Version/6.0.3 Safari/536.28.10"
198.105.46.69 - - [16/Apr/2013:02:06:29 +0000] "GET /images/main.png HTTP/1.1" 200 219111 "http://howshousing.com/style.css" "Mozilla/5.0 (Windows NT 6.1; WOW64; rv:20.0) Gecko/20100101 Firefox/20.0"
198.105.46.70 - - [16/Apr/2013:02:06:29 +0000] "GET /images/background.png HTTP/1.1" 200 759 "http://www.howshousing.com/style.css" "Mozilla/5.0 (Windows NT 6.1; WOW64; rv:20.0) Gecko/20100101 Firefox/20.0"
198.105.46.70 - - [16/Apr/2013:02:06:29 +0000] "GET /style.css HTTP/1.1" 200 1210 "http://howshousing.com/" "Mozilla/5.0 (Macintosh; Intel Mac OS X 10_8_2) AppleWebKit/537.31 (KHTML, like Gecko) Chrome/26.0.1410.43 Safari/537.31"
198.105.46.70 - - [16/Apr/2013:02:06:30 +0000] "GET /images/background.png HTTP/1.1" 200 759 "http://howshousing.com/" "Mozilla/5.0 (Macintosh; Intel Mac OS X 10_8_2) AppleWebKit/537.31 (KHTML, like Gecko) Chrome/26.0.1410.43 Safari/537.31"
198.105.46.70 - - [16/Apr/2013:02:06:30 +0000] "GET /images/content_back.png HTTP/1.1" 200 584 "http://howshousing.com/" "Mozilla/5.0 (Macintosh; Intel Mac OS X 10_8_2) AppleWebKit/537.31 (KHTML, like Gecko) Chrome/26.0.1410.43 Safari/537.31"
198.105.46.69 - - [16/Apr/2013:02:06:30 +0000] "GET /favicon.ico HTTP/1.1" 404 503 "-" "Mozilla/5.0 (Windows NT 6.1; WOW64; rv:20.0) Gecko/20100101 Firefox/20.0"
198.105.46.70 - - [16/Apr/2013:02:06:30 +0000] "GET /style.css HTTP/1.1" 200 1210 "http://www.howshousing.com/" "Mozilla/5.0 (Macintosh; Intel Mac OS X 10_8_2) AppleWebKit/536.26.17 (KHTML, like Gecko) Version/6.0.2 Safari/536.26.17"
198.105.46.69 - - [16/Apr/2013:02:06:30 +0000] "GET /style.css HTTP/1.1" 200 1210 "http://howshousing.com/" "Mozilla/5.0 (Macintosh; Intel Mac OS X 10_7_5) AppleWebKit/534.57.7 (KHTML, like Gecko) Version/5.1.7 Safari/534.57.7"
198.105.46.69 - - [16/Apr/2013:02:06:30 +0000] "GET /images/background.png HTTP/1.1" 200 759 "http://howshousing.com/" "Mozilla/5.0 (Macintosh; Intel Mac OS X 10_7_5) AppleWebKit/534.57.7 (KHTML, like Gecko) Version/5.1.7 Safari/534.57.7"
198.105.46.70 - - [16/Apr/2013:02:06:30 +0000] "GET /images/footer.png HTTP/1.1" 200 623 "http://howshousing.com/" "Mozilla/5.0 (Macintosh; Intel Mac OS X 10_8_3) AppleWebKit/536.28.10 (KHTML, like Gecko) Version/6.0.3 Safari/536.28.10"
198.105.46.70 - - [16/Apr/2013:02:06:30 +0000] "GET /images/content_back.png HTTP/1.1" 200 585 "http://www.howshousing.com/style.css" "Mozilla/5.0 (Windows NT 6.1; WOW64; rv:20.0) Gecko/20100101 Firefox/20.0"
198.105.46.70 - - [16/Apr/2013:02:06:30 +0000] "GET /images/footer.png HTTP/1.1" 200 623 "http://www.howshousing.com/style.css" "Mozilla/5.0 (Windows NT 6.1; WOW64; rv:20.0) Gecko/20100101 Firefox/20.0"
198.105.46.70 - - [16/Apr/2013:02:06:30 +0000] "GET /images/footer.png HTTP/1.1" 200 623 "http://howshousing.com/" "Mozilla/5.0 (Macintosh; Intel Mac OS X 10_8_2) AppleWebKit/537.31 (KHTML, like Gecko) Chrome/26.0.1410.43 Safari/537.31"
198.105.46.69 - - [16/Apr/2013:02:06:30 +0000] "GET /images/content_back.png HTTP/1.1" 200 585 "http://howshousing.com/" "Mozilla/5.0 (Macintosh; Intel Mac OS X 10_7_5) AppleWebKit/534.57.7 (KHTML, like Gecko) Version/5.1.7 Safari/534.57.7"
198.105.46.70 - - [16/Apr/2013:02:06:30 +0000] "GET /images/content_back.png HTTP/1.1" 200 585 "http://www.howshousing.com/" "Mozilla/5.0 (Macintosh; Intel Mac OS X 10_8_2) AppleWebKit/536.26.17 (KHTML, like Gecko) Version/6.0.2 Safari/536.26.17"
198.105.46.70 - - [16/Apr/2013:02:06:30 +0000] "GET /images/footer.png HTTP/1.1" 200 623 "http://www.howshousing.com/" "Mozilla/5.0 (Macintosh; Intel Mac OS X 10_8_2) AppleWebKit/536.26.17 (KHTML, like Gecko) Version/6.0.2 Safari/536.26.17"
198.105.46.70 - - [16/Apr/2013:02:06:30 +0000] "GET /images/background.png HTTP/1.1" 200 760 "http://www.howshousing.com/" "Mozilla/5.0 (Macintosh; Intel Mac OS X 10_8_2) AppleWebKit/536.26.17 (KHTML, like Gecko) Version/6.0.2 Safari/536.26.17"
198.105.46.69 - - [16/Apr/2013:02:06:30 +0000] "GET /images/footer.png HTTP/1.1" 200 623 "http://howshousing.com/" "Mozilla/5.0 (Macintosh; Intel Mac OS X 10_7_5) AppleWebKit/534.57.7 (KHTML, like Gecko) Version/5.1.7 Safari/534.57.7"
198.105.46.70 - - [16/Apr/2013:02:06:30 +0000] "GET / HTTP/1.1" 200 1090 "-" "Mozilla/5.0 (Macintosh; Intel Mac OS X 10_8_2) AppleWebKit/537.31 (KHTML, like Gecko) Chrome/26.0.1410.65 Safari/537.31"
198.105.46.70 - - [16/Apr/2013:02:06:30 +0000] "GET / HTTP/1.1" 200 1090 "-" "Mozilla/5.0 (Windows NT 6.1; WOW64) AppleWebKit/537.31 (KHTML, like Gecko) Chrome/26.0.1410.64 Safari/537.31"
198.105.46.70 - - [16/Apr/2013:02:06:30 +0000] "GET /images/main.png HTTP/1.1" 200 219111 "http://www.howshousing.com/style.css" "Mozilla/5.0 (Windows NT 6.1; WOW64; rv:20.0) Gecko/20100101 Firefox/20.0"
198.105.46.70 - - [16/Apr/2013:02:06:30 +0000] "GET /images/main.png HTTP/1.1" 200 219111 "http://howshousing.com/" "Mozilla/5.0 (Macintosh; Intel Mac OS X 10_8_2) AppleWebKit/537.31 (KHTML, like Gecko) Chrome/26.0.1410.43 Safari/537.31"
198.105.46.69 - - [16/Apr/2013:02:06:30 +0000] "GET /images/main.png HTTP/1.1" 200 219111 "http://howshousing.com/" "Mozilla/5.0 (Macintosh; Intel Mac OS X 10_7_5) AppleWebKit/534.57.7 (KHTML, like Gecko) Version/5.1.7 Safari/534.57.7"
198.105.46.70 - - [16/Apr/2013:02:06:30 +0000] "GET /style.css HTTP/1.1" 200 1210 "http://howshousing.com/" "Mozilla/5.0 (Windows NT 6.1; WOW64) AppleWebKit/537.31 (KHTML, like Gecko) Chrome/26.0.1410.64 Safari/537.31"
198.105.46.70 - - [16/Apr/2013:02:06:30 +0000] "GET /style.css HTTP/1.1" 200 1210 "http://howshousing.com/" "Mozilla/5.0 (Macintosh; Intel Mac OS X 10_8_2) AppleWebKit/537.31 (KHTML, like Gecko) Chrome/26.0.1410.65 Safari/537.31"
198.105.46.70 - - [16/Apr/2013:02:06:31 +0000] "GET /images/background.png HTTP/1.1" 200 759 "http://howshousing.com/" "Mozilla/5.0 (Macintosh; Intel Mac OS X 10_8_2) AppleWebKit/537.31 (KHTML, like Gecko) Chrome/26.0.1410.65 Safari/537.31"
198.105.46.70 - - [16/Apr/2013:02:06:31 +0000] "GET /images/content_back.png HTTP/1.1" 200 584 "http://howshousing.com/" "Mozilla/5.0 (Macintosh; Intel Mac OS X 10_8_2) AppleWebKit/537.31 (KHTML, like Gecko) Chrome/26.0.1410.65 Safari/537.31"
198.105.46.70 - - [16/Apr/2013:02:06:31 +0000] "GET /images/footer.png HTTP/1.1" 200 623 "http://howshousing.com/" "Mozilla/5.0 (Macintosh; Intel Mac OS X 10_8_2) AppleWebKit/537.31 (KHTML, like Gecko) Chrome/26.0.1410.65 Safari/537.31"
198.105.46.70 - - [16/Apr/2013:02:06:31 +0000] "GET /favicon.ico HTTP/1.1" 404 505 "-" "Mozilla/5.0 (Windows NT 6.1; WOW64; rv:20.0) Gecko/20100101 Firefox/20.0"
198.105.46.70 - - [16/Apr/2013:02:06:31 +0000] "GET /favicon.ico HTTP/1.1" 404 505 "-" "Mozilla/5.0 (Windows NT 6.1; WOW64; rv:20.0) Gecko/20100101 Firefox/20.0"
198.105.46.70 - - [16/Apr/2013:02:06:31 +0000] "GET /images/main.png HTTP/1.1" 200 219111 "http://howshousing.com/" "Mozilla/5.0 (Macintosh; Intel Mac OS X 10_8_2) AppleWebKit/537.31 (KHTML, like Gecko) Chrome/26.0.1410.65 Safari/537.31"
198.105.46.70 - - [16/Apr/2013:02:06:30 +0000] "GET /images/main.png HTTP/1.1" 200 219110 "http://www.howshousing.com/" "Mozilla/5.0 (Macintosh; Intel Mac OS X 10_8_2) AppleWebKit/536.26.17 (KHTML, like Gecko) Version/6.0.2 Safari/536.26.17"
198.105.46.70 - - [16/Apr/2013:02:06:31 +0000] "GET /favicon.ico HTTP/1.1" 404 503 "-" "Mozilla/5.0 (Macintosh; Intel Mac OS X 10_8_2) AppleWebKit/537.31 (KHTML, like Gecko) Chrome/26.0.1410.43 Safari/537.31"
198.105.46.70 - - [16/Apr/2013:02:06:31 +0000] "GET /style.css HTTP/1.1" 200 1210 "http://howshousing.com/" "Mozilla/5.0 (Macintosh; Intel Mac OS X 10_7_5) AppleWebKit/536.26.17 (KHTML, like Gecko) Version/6.0.2 Safari/536.26.17"
198.105.46.70 - - [16/Apr/2013:02:06:31 +0000] "GET /images/background.png HTTP/1.1" 200 759 "http://howshousing.com/" "Mozilla/5.0 (Macintosh; Intel Mac OS X 10_7_5) AppleWebKit/536.26.17 (KHTML, like Gecko) Version/6.0.2 Safari/536.26.17"
198.105.46.70 - - [16/Apr/2013:02:06:31 +0000] "GET /images/content_back.png HTTP/1.1" 200 585 "http://howshousing.com/" "Mozilla/5.0 (Macintosh; Intel Mac OS X 10_7_5) AppleWebKit/536.26.17 (KHTML, like Gecko) Version/6.0.2 Safari/536.26.17"
198.105.46.70 - - [16/Apr/2013:02:06:31 +0000] "GET /images/footer.png HTTP/1.1" 200 623 "http://howshousing.com/" "Mozilla/5.0 (Macintosh; Intel Mac OS X 10_7_5) AppleWebKit/536.26.17 (KHTML, like Gecko) Version/6.0.2 Safari/536.26.17"
198.105.46.70 - - [16/Apr/2013:02:06:31 +0000] "GET /images/background.png HTTP/1.1" 200 759 "http://howshousing.com/" "Mozilla/5.0 (Windows NT 6.1; WOW64) AppleWebKit/537.31 (KHTML, like Gecko) Chrome/26.0.1410.64 Safari/537.31"
198.105.46.70 - - [16/Apr/2013:02:06:31 +0000] "GET /images/content_back.png HTTP/1.1" 200 585 "http://howshousing.com/" "Mozilla/5.0 (Windows NT 6.1; WOW64) AppleWebKit/537.31 (KHTML, like Gecko) Chrome/26.0.1410.64 Safari/537.31"
198.105.46.70 - - [16/Apr/2013:02:06:31 +0000] "GET /images/main.png HTTP/1.1" 200 219111 "http://howshousing.com/" "Mozilla/5.0 (Macintosh; Intel Mac OS X 10_7_5) AppleWebKit/536.26.17 (KHTML, like Gecko) Version/6.0.2 Safari/536.26.17"
198.105.46.70 - - [16/Apr/2013:02:06:31 +0000] "GET /favicon.ico HTTP/1.1" 404 506 "http://www.howshousing.com/" "Mozilla/5.0 (Macintosh; Intel Mac OS X 10_8_2) AppleWebKit/536.26.17 (KHTML, like Gecko) Version/6.0.2 Safari/536.26.17"
198.105.46.70 - - [16/Apr/2013:02:06:31 +0000] "GET /images/footer.png HTTP/1.1" 200 623 "http://howshousing.com/" "Mozilla/5.0 (Windows NT 6.1; WOW64) AppleWebKit/537.31 (KHTML, like Gecko) Chrome/26.0.1410.64 Safari/537.31"
198.105.46.70 - - [16/Apr/2013:02:06:31 +0000] "GET /images/main.png HTTP/1.1" 200 219111 "http://howshousing.com/" "Mozilla/5.0 (Windows NT 6.1; WOW64) AppleWebKit/537.31 (KHTML, like Gecko) Chrome/26.0.1410.64 Safari/537.31"
198.105.46.69 - - [16/Apr/2013:02:06:31 +0000] "GET /favicon.ico HTTP/1.1" 404 503 "http://howshousing.com/" "Mozilla/5.0 (Macintosh; Intel Mac OS X 10_7_5) AppleWebKit/534.57.7 (KHTML, like Gecko) Version/5.1.7 Safari/534.57.7"
198.105.46.70 - - [16/Apr/2013:02:06:31 +0000] "GET /favicon.ico HTTP/1.1" 404 504 "http://howshousing.com/" "Mozilla/5.0 (Macintosh; Intel Mac OS X 10_8_3) AppleWebKit/536.28.10 (KHTML, like Gecko) Version/6.0.3 Safari/536.28.10"
198.105.46.70 - - [16/Apr/2013:02:06:32 +0000] "GET /favicon.ico HTTP/1.1" 404 503 "-" "Mozilla/5.0 (Windows NT 6.1; WOW64) AppleWebKit/537.31 (KHTML, like Gecko) Chrome/26.0.1410.64 Safari/537.31"
198.105.46.70 - - [16/Apr/2013:02:06:32 +0000] "GET /favicon.ico HTTP/1.1" 404 503 "-" "Mozilla/5.0 (Macintosh; Intel Mac OS X 10_8_2) AppleWebKit/537.31 (KHTML, like Gecko) Chrome/26.0.1410.65 Safari/537.31"
198.105.46.70 - - [16/Apr/2013:02:06:32 +0000] "GET / HTTP/1.1" 200 1090 "-" "Mozilla/5.0 (Macintosh; Intel Mac OS X 10_8_3) AppleWebKit/536.28.10 (KHTML, like Gecko) Version/6.0.3 Safari/536.28.10"
198.105.46.70 - - [16/Apr/2013:02:06:32 +0000] "GET /style.css HTTP/1.1" 200 1210 "http://howshousing.com/" "Mozilla/5.0 (Macintosh; Intel Mac OS X 10_8_3) AppleWebKit/536.28.10 (KHTML, like Gecko) Version/6.0.3 Safari/536.28.10"
198.105.46.70 - - [16/Apr/2013:02:06:32 +0000] "GET /images/footer.png HTTP/1.1" 200 623 "http://howshousing.com/" "Mozilla/5.0 (Macintosh; Intel Mac OS X 10_8_3) AppleWebKit/536.28.10 (KHTML, like Gecko) Version/6.0.3 Safari/536.28.10"
198.105.46.70 - - [16/Apr/2013:02:06:32 +0000] "GET /images/background.png HTTP/1.1" 200 760 "http://howshousing.com/" "Mozilla/5.0 (Macintosh; Intel Mac OS X 10_8_3) AppleWebKit/536.28.10 (KHTML, like Gecko) Version/6.0.3 Safari/536.28.10"
198.105.46.70 - - [16/Apr/2013:02:06:32 +0000] "GET /images/content_back.png HTTP/1.1" 200 585 "http://howshousing.com/" "Mozilla/5.0 (Macintosh; Intel Mac OS X 10_8_3) AppleWebKit/536.28.10 (KHTML, like Gecko) Version/6.0.3 Safari/536.28.10"
198.105.46.70 - - [16/Apr/2013:02:06:32 +0000] "GET /images/main.png HTTP/1.1" 200 219110 "http://howshousing.com/" "Mozilla/5.0 (Macintosh; Intel Mac OS X 10_8_3) AppleWebKit/536.28.10 (KHTML, like Gecko) Version/6.0.3 Safari/536.28.10"
198.105.46.70 - - [16/Apr/2013:02:06:33 +0000] "GET /favicon.ico HTTP/1.1" 404 504 "http://howshousing.com/" "Mozilla/5.0 (Macintosh; Intel Mac OS X 10_7_5) AppleWebKit/536.26.17 (KHTML, like Gecko) Version/6.0.2 Safari/536.26.17"
198.105.46.70 - - [16/Apr/2013:02:06:33 +0000] "GET /favicon.ico HTTP/1.1" 404 504 "http://howshousing.com/" "Mozilla/5.0 (Macintosh; Intel Mac OS X 10_8_3) AppleWebKit/536.28.10 (KHTML, like Gecko) Version/6.0.3 Safari/536.28.10"
198.105.46.69 - - [16/Apr/2013:02:06:29 +0000] "GET /images/main.png HTTP/1.1" 200 219111 "http://howshousing.com/" "Mozilla/5.0 (Macintosh; Intel Mac OS X 10_7_5) AppleWebKit/536.28.10 (KHTML, like Gecko) Version/6.0.3 Safari/536.28.10"
198.105.46.69 - - [16/Apr/2013:02:06:34 +0000] "GET /tab.png HTTP/1.1" 404 502 "http://howshousing.com/" "Mozilla/5.0 (Macintosh; Intel Mac OS X 10_8_3) AppleWebKit/537.31 (KHTML, like Gecko) Chrome/26.0.1410.65 Safari/537.31"
198.105.46.69 - - [16/Apr/2013:02:06:34 +0000] "GET /favicon.ico HTTP/1.1" 404 504 "http://howshousing.com/" "Mozilla/5.0 (Macintosh; Intel Mac OS X 10_7_5) AppleWebKit/536.28.10 (KHTML, like Gecko) Version/6.0.3 Safari/536.28.10"
198.105.46.69 - - [16/Apr/2013:02:06:35 +0000] "GET / HTTP/1.1" 200 1090 "-" "Mozilla/5.0 (Macintosh; Intel Mac OS X 10_8_2) AppleWebKit/536.26.17 (KHTML, like Gecko) Version/6.0.2 Safari/536.26.17"
198.105.46.69 - - [16/Apr/2013:02:06:35 +0000] "GET /style.css HTTP/1.1" 200 1210 "http://howshousing.com/" "Mozilla/5.0 (Macintosh; Intel Mac OS X 10_8_2) AppleWebKit/536.26.17 (KHTML, like Gecko) Version/6.0.2 Safari/536.26.17"
198.105.46.69 - - [16/Apr/2013:02:06:35 +0000] "GET /images/content_back.png HTTP/1.1" 200 585 "http://howshousing.com/" "Mozilla/5.0 (Macintosh; Intel Mac OS X 10_8_2) AppleWebKit/536.26.17 (KHTML, like Gecko) Version/6.0.2 Safari/536.26.17"
198.105.46.69 - - [16/Apr/2013:02:06:35 +0000] "GET /images/background.png HTTP/1.1" 200 760 "http://howshousing.com/" "Mozilla/5.0 (Macintosh; Intel Mac OS X 10_8_2) AppleWebKit/536.26.17 (KHTML, like Gecko) Version/6.0.2 Safari/536.26.17"
198.105.46.69 - - [16/Apr/2013:02:06:35 +0000] "GET /images/main.png HTTP/1.1" 200 219110 "http://howshousing.com/" "Mozilla/5.0 (Macintosh; Intel Mac OS X 10_8_2) AppleWebKit/536.26.17 (KHTML, like Gecko) Version/6.0.2 Safari/536.26.17"
198.105.46.70 - - [16/Apr/2013:02:06:35 +0000] "GET /tab.png HTTP/1.1" 404 502 "http://howshousing.com/" "Mozilla/5.0 (Macintosh; Intel Mac OS X 10_7_5) AppleWebKit/537.31 (KHTML, like Gecko) Chrome/26.0.1410.65 Safari/537.31"
198.105.46.69 - - [16/Apr/2013:02:06:35 +0000] "GET /images/footer.png HTTP/1.1" 200 623 "http://howshousing.com/" "Mozilla/5.0 (Macintosh; Intel Mac OS X 10_8_2) AppleWebKit/536.26.17 (KHTML, like Gecko) Version/6.0.2 Safari/536.26.17"
198.105.46.69 - - [16/Apr/2013:02:06:36 +0000] "GET /favicon.ico HTTP/1.1" 404 504 "http://howshousing.com/" "Mozilla/5.0 (Macintosh; Intel Mac OS X 10_8_2) AppleWebKit/536.26.17 (KHTML, like Gecko) Version/6.0.2 Safari/536.26.17"
198.105.46.70 - - [16/Apr/2013:02:06:36 +0000] "GET /tab.png HTTP/1.1" 404 501 "http://howshousing.com/" "Mozilla/5.0 (Macintosh; Intel Mac OS X 10_8_3) AppleWebKit/536.28.10 (KHTML, like Gecko) Version/6.0.3 Safari/536.28.10"
198.105.46.70 - - [16/Apr/2013:02:06:36 +0000] "GET /tab.png HTTP/1.1" 404 502 "http://howshousing.com/" "Mozilla/5.0 (Macintosh; Intel Mac OS X 10_8_3) AppleWebKit/536.28.10 (KHTML, like Gecko) Version/6.0.3 Safari/536.28.10"
198.105.46.70 - - [16/Apr/2013:02:06:37 +0000] "GET / HTTP/1.1" 200 1090 "-" "Mozilla/5.0 (Macintosh; Intel Mac OS X 10.7; rv:19.0) Gecko/20100101 Firefox/19.0"
198.105.46.70 - - [16/Apr/2013:02:06:37 +0000] "GET /style.css HTTP/1.1" 200 1210 "http://www.howshousing.com/" "Mozilla/5.0 (Macintosh; Intel Mac OS X 10.7; rv:19.0) Gecko/20100101 Firefox/19.0"
198.105.46.69 - - [16/Apr/2013:02:06:37 +0000] "GET /tab.png HTTP/1.1" 404 502 "http://howshousing.com/" "Mozilla/5.0 (Macintosh; Intel Mac OS X 10_7_5) AppleWebKit/534.57.7 (KHTML, like Gecko) Version/5.1.7 Safari/534.57.7"
198.105.46.70 - - [16/Apr/2013:02:06:37 +0000] "GET /images/background.png HTTP/1.1" 200 759 "http://www.howshousing.com/style.css" "Mozilla/5.0 (Macintosh; Intel Mac OS X 10.7; rv:19.0) Gecko/20100101 Firefox/19.0"
198.105.46.70 - - [16/Apr/2013:02:06:37 +0000] "GET /images/content_back.png HTTP/1.1" 200 585 "http://www.howshousing.com/style.css" "Mozilla/5.0 (Macintosh; Intel Mac OS X 10.7; rv:19.0) Gecko/20100101 Firefox/19.0"
198.105.46.70 - - [16/Apr/2013:02:06:37 +0000] "GET /images/footer.png HTTP/1.1" 200 623 "http://www.howshousing.com/style.css" "Mozilla/5.0 (Macintosh; Intel Mac OS X 10.7; rv:19.0) Gecko/20100101 Firefox/19.0"
198.105.46.70 - - [16/Apr/2013:02:06:37 +0000] "GET /images/main.png HTTP/1.1" 200 219110 "http://www.howshousing.com/style.css" "Mozilla/5.0 (Macintosh; Intel Mac OS X 10.7; rv:19.0) Gecko/20100101 Firefox/19.0"
198.105.46.70 - - [16/Apr/2013:02:06:37 +0000] "GET /favicon.ico HTTP/1.1" 404 505 "-" "Mozilla/5.0 (Macintosh; Intel Mac OS X 10.7; rv:19.0) Gecko/20100101 Firefox/19.0"
198.105.46.69 - - [16/Apr/2013:02:06:38 +0000] "GET /tab.png HTTP/1.1" 404 501 "http://howshousing.com/" "Mozilla/5.0 (Macintosh; Intel Mac OS X 10_7_5) AppleWebKit/536.28.10 (KHTML, like Gecko) Version/6.0.3 Safari/536.28.10"
198.105.46.69 - - [16/Apr/2013:02:06:38 +0000] "GET /winners.html HTTP/1.1" 200 952 "http://howshousing.com/" "Mozilla/5.0 (Macintosh; Intel Mac OS X 10_7_5) AppleWebKit/536.28.10 (KHTML, like Gecko) Version/6.0.3 Safari/536.28.10"
198.105.46.69 - - [16/Apr/2013:02:06:39 +0000] "GET /images/eileenmulhall.jpg HTTP/1.1" 200 75572 "http://howshousing.com/winners.html" "Mozilla/5.0 (Macintosh; Intel Mac OS X 10_7_5) AppleWebKit/536.28.10 (KHTML, like Gecko) Version/6.0.3 Safari/536.28.10"
198.105.46.69 - - [16/Apr/2013:02:06:39 +0000] "GET /images/meganobrien.jpg HTTP/1.1" 200 107695 "http://howshousing.com/winners.html" "Mozilla/5.0 (Macintosh; Intel Mac OS X 10_7_5) AppleWebKit/536.28.10 (KHTML, like Gecko) Version/6.0.3 Safari/536.28.10"
198.105.46.70 - - [16/Apr/2013:02:06:39 +0000] "GET / HTTP/1.1" 200 1090 "-" "Mozilla/5.0 (Macintosh; Intel Mac OS X 10_8_3) AppleWebKit/537.31 (KHTML, like Gecko) Chrome/26.0.1410.65 Safari/537.31"
198.105.46.70 - - [16/Apr/2013:02:06:39 +0000] "GET /style.css HTTP/1.1" 200 1210 "http://howshousing.com/" "Mozilla/5.0 (Macintosh; Intel Mac OS X 10_8_3) AppleWebKit/537.31 (KHTML, like Gecko) Chrome/26.0.1410.65 Safari/537.31"
198.105.46.70 - - [16/Apr/2013:02:06:40 +0000] "GET /images/background.png HTTP/1.1" 200 759 "http://howshousing.com/" "Mozilla/5.0 (Macintosh; Intel Mac OS X 10_8_3) AppleWebKit/537.31 (KHTML, like Gecko) Chrome/26.0.1410.65 Safari/537.31"
198.105.46.70 - - [16/Apr/2013:02:06:40 +0000] "GET /images/content_back.png HTTP/1.1" 200 585 "http://howshousing.com/" "Mozilla/5.0 (Macintosh; Intel Mac OS X 10_8_3) AppleWebKit/537.31 (KHTML, like Gecko) Chrome/26.0.1410.65 Safari/537.31"
198.105.46.70 - - [16/Apr/2013:02:06:40 +0000] "GET /images/footer.png HTTP/1.1" 200 622 "http://howshousing.com/" "Mozilla/5.0 (Macintosh; Intel Mac OS X 10_8_3) AppleWebKit/537.31 (KHTML, like Gecko) Chrome/26.0.1410.65 Safari/537.31"
198.105.46.70 - - [16/Apr/2013:02:06:40 +0000] "GET /images/main.png HTTP/1.1" 200 219111 "http://howshousing.com/" "Mozilla/5.0 (Macintosh; Intel Mac OS X 10_8_3) AppleWebKit/537.31 (KHTML, like Gecko) Chrome/26.0.1410.65 Safari/537.31"
198.105.46.69 - - [16/Apr/2013:02:06:40 +0000] "GET / HTTP/1.1" 200 1090 "-" "Mozilla/5.0 (Macintosh; Intel Mac OS X 10_8_3) AppleWebKit/536.28.10 (KHTML, like Gecko) Version/6.0.3 Safari/536.28.10"
198.105.46.69 - - [16/Apr/2013:02:06:40 +0000] "GET /style.css HTTP/1.1" 200 1210 "http://howshousing.com/" "Mozilla/5.0 (Macintosh; Intel Mac OS X 10_8_3) AppleWebKit/536.28.10 (KHTML, like Gecko) Version/6.0.3 Safari/536.28.10"
198.105.46.69 - - [16/Apr/2013:02:06:40 +0000] "GET /images/footer.png HTTP/1.1" 200 623 "http://howshousing.com/" "Mozilla/5.0 (Macintosh; Intel Mac OS X 10_8_3) AppleWebKit/536.28.10 (KHTML, like Gecko) Version/6.0.3 Safari/536.28.10"
198.105.46.69 - - [16/Apr/2013:02:06:40 +0000] "GET /images/background.png HTTP/1.1" 200 760 "http://howshousing.com/" "Mozilla/5.0 (Macintosh; Intel Mac OS X 10_8_3) AppleWebKit/536.28.10 (KHTML, like Gecko) Version/6.0.3 Safari/536.28.10"
198.105.46.69 - - [16/Apr/2013:02:06:40 +0000] "GET /images/content_back.png HTTP/1.1" 200 585 "http://howshousing.com/" "Mozilla/5.0 (Macintosh; Intel Mac OS X 10_8_3) AppleWebKit/536.28.10 (KHTML, like Gecko) Version/6.0.3 Safari/536.28.10"
198.105.46.69 - - [16/Apr/2013:02:06:40 +0000] "GET /images/main.png HTTP/1.1" 200 219110 "http://howshousing.com/" "Mozilla/5.0 (Macintosh; Intel Mac OS X 10_8_3) AppleWebKit/536.28.10 (KHTML, like Gecko) Version/6.0.3 Safari/536.28.10"
198.105.46.70 - - [16/Apr/2013:02:06:40 +0000] "GET /favicon.ico HTTP/1.1" 404 503 "-" "Mozilla/5.0 (Macintosh; Intel Mac OS X 10_8_3) AppleWebKit/537.31 (KHTML, like Gecko) Chrome/26.0.1410.65 Safari/537.31"
198.105.46.69 - - [16/Apr/2013:02:06:41 +0000] "GET /improvements.html HTTP/1.1" 200 1625 "http://howshousing.com/" "Mozilla/5.0 (Macintosh; Intel Mac OS X 10_8_3) AppleWebKit/537.31 (KHTML, like Gecko) Chrome/26.0.1410.65 Safari/537.31"
198.105.46.69 - - [16/Apr/2013:02:06:41 +0000] "GET /favicon.ico HTTP/1.1" 404 504 "http://howshousing.com/" "Mozilla/5.0 (Macintosh; Intel Mac OS X 10_8_3) AppleWebKit/536.28.10 (KHTML, like Gecko) Version/6.0.3 Safari/536.28.10"
198.105.46.69 - - [16/Apr/2013:02:06:41 +0000] "GET /tab.png HTTP/1.1" 404 501 "http://howshousing.com/" "Mozilla/5.0 (Macintosh; Intel Mac OS X 10_8_3) AppleWebKit/536.28.10 (KHTML, like Gecko) Version/6.0.3 Safari/536.28.10"
198.105.46.69 - - [16/Apr/2013:02:06:41 +0000] "GET /images/mariastower.jpg HTTP/1.1" 200 23395 "http://howshousing.com/improvements.html" "Mozilla/5.0 (Macintosh; Intel Mac OS X 10_8_3) AppleWebKit/537.31 (KHTML, like Gecko) Chrome/26.0.1410.65 Safari/537.31"
198.105.46.69 - - [16/Apr/2013:02:06:41 +0000] "GET /images/johnst.jpeg HTTP/1.1" 200 52732 "http://howshousing.com/improvements.html" "Mozilla/5.0 (Macintosh; Intel Mac OS X 10_8_3) AppleWebKit/537.31 (KHTML, like Gecko) Chrome/26.0.1410.65 Safari/537.31"
198.105.46.69 - - [16/Apr/2013:02:06:41 +0000] "GET /images/fulton.jpg HTTP/1.1" 200 27355 "http://howshousing.com/improvements.html" "Mozilla/5.0 (Macintosh; Intel Mac OS X 10_8_3) AppleWebKit/537.31 (KHTML, like Gecko) Chrome/26.0.1410.65 Safari/537.31"
198.105.46.69 - - [16/Apr/2013:02:06:41 +0000] "GET /images/stgeorge.jpg HTTP/1.1" 200 90333 "http://howshousing.com/improvements.html" "Mozilla/5.0 (Macintosh; Intel Mac OS X 10_8_3) AppleWebKit/537.31 (KHTML, like Gecko) Chrome/26.0.1410.65 Safari/537.31"
198.105.46.70 - - [16/Apr/2013:02:06:41 +0000] "GET /tab.png HTTP/1.1" 404 504 "http://www.howshousing.com/style.css" "Mozilla/5.0 (Macintosh; Intel Mac OS X 10.7; rv:19.0) Gecko/20100101 Firefox/19.0"
198.105.46.69 - - [16/Apr/2013:02:06:41 +0000] "GET /favicon.ico HTTP/1.1" 404 503 "-" "Mozilla/5.0 (Macintosh; Intel Mac OS X 10_8_3) AppleWebKit/537.31 (KHTML, like Gecko) Chrome/26.0.1410.65 Safari/537.31"
198.105.46.69 - - [16/Apr/2013:02:06:41 +0000] "GET /favicon.ico HTTP/1.1" 404 503 "-" "Mozilla/5.0 (Macintosh; Intel Mac OS X 10_8_3) AppleWebKit/537.31 (KHTML, like Gecko) Chrome/26.0.1410.65 Safari/537.31"
198.105.46.69 - - [16/Apr/2013:02:06:41 +0000] "GET /tab.png HTTP/1.1" 404 502 "http://howshousing.com/" "Mozilla/5.0 (Macintosh; Intel Mac OS X 10_7_4) AppleWebKit/537.31 (KHTML, like Gecko) Chrome/26.0.1410.43 Safari/537.31"
198.105.46.70 - - [16/Apr/2013:02:06:42 +0000] "GET /tab.png HTTP/1.1" 404 505 "http://www.howshousing.com/style.css" "Mozilla/5.0 (Windows NT 6.1; WOW64; rv:20.0) Gecko/20100101 Firefox/20.0"
198.105.46.70 - - [16/Apr/2013:02:06:42 +0000] "GET /tab.png HTTP/1.1" 404 502 "http://howshousing.com/" "Mozilla/5.0 (Macintosh; Intel Mac OS X 10_7_5) AppleWebKit/536.26.17 (KHTML, like Gecko) Version/6.0.2 Safari/536.26.17"
198.105.46.69 - - [16/Apr/2013:02:06:44 +0000] "GET /favicon.ico HTTP/1.1" 404 503 "-" "Mozilla/5.0 (Macintosh; Intel Mac OS X 10_8_3) AppleWebKit/537.31 (KHTML, like Gecko) Chrome/26.0.1410.65 Safari/537.31"
198.105.46.69 - - [16/Apr/2013:02:06:44 +0000] "GET /favicon.ico HTTP/1.1" 404 503 "-" "Mozilla/5.0 (Macintosh; Intel Mac OS X 10_8_3) AppleWebKit/537.31 (KHTML, like Gecko) Chrome/26.0.1410.65 Safari/537.31"
70.192.70.16 - - [16/Apr/2013:02:06:52 +0000] "GET / HTTP/1.1" 200 1090 "-" "Mozilla/5.0 (Linux; Android 4.1.2; DROID RAZR Build/9.8.2O-72_VZW-16) AppleWebKit/537.31 (KHTML, like Gecko) Chrome/26.0.1410.58 Mobile Safari/537.31"
70.192.70.16 - - [16/Apr/2013:02:06:52 +0000] "GET /style.css HTTP/1.1" 200 1210 "http://howshousing.com/" "Mozilla/5.0 (Linux; Android 4.1.2; DROID RAZR Build/9.8.2O-72_VZW-16) AppleWebKit/537.31 (KHTML, like Gecko) Chrome/26.0.1410.58 Mobile Safari/537.31"
198.105.46.69 - - [16/Apr/2013:02:06:52 +0000] "GET /lastyear.html HTTP/1.1" 200 944 "http://howshousing.com/winners.html" "Mozilla/5.0 (Macintosh; Intel Mac OS X 10_7_5) AppleWebKit/536.28.10 (KHTML, like Gecko) Version/6.0.3 Safari/536.28.10"
70.192.70.16 - - [16/Apr/2013:02:06:52 +0000] "GET /images/background.png HTTP/1.1" 200 759 "http://howshousing.com/" "Mozilla/5.0 (Linux; Android 4.1.2; DROID RAZR Build/9.8.2O-72_VZW-16) AppleWebKit/537.31 (KHTML, like Gecko) Chrome/26.0.1410.58 Mobile Safari/537.31"
198.105.46.69 - - [16/Apr/2013:02:06:52 +0000] "GET /images/stevensosa.jpg HTTP/1.1" 200 228249 "http://howshousing.com/lastyear.html" "Mozilla/5.0 (Macintosh; Intel Mac OS X 10_7_5) AppleWebKit/536.28.10 (KHTML, like Gecko) Version/6.0.3 Safari/536.28.10"
70.192.70.16 - - [16/Apr/2013:02:06:53 +0000] "GET /images/content_back.png HTTP/1.1" 200 584 "http://howshousing.com/" "Mozilla/5.0 (Linux; Android 4.1.2; DROID RAZR Build/9.8.2O-72_VZW-16) AppleWebKit/537.31 (KHTML, like Gecko) Chrome/26.0.1410.58 Mobile Safari/537.31"
198.105.46.69 - - [16/Apr/2013:02:06:52 +0000] "GET /images/andreaschrysostomou.jpg HTTP/1.1" 200 281208 "http://howshousing.com/lastyear.html" "Mozilla/5.0 (Macintosh; Intel Mac OS X 10_7_5) AppleWebKit/536.28.10 (KHTML, like Gecko) Version/6.0.3 Safari/536.28.10"
198.105.46.69 - - [16/Apr/2013:02:06:52 +0000] "GET /images/lawenkokoyi.jpg HTTP/1.1" 200 269175 "http://howshousing.com/lastyear.html" "Mozilla/5.0 (Macintosh; Intel Mac OS X 10_7_5) AppleWebKit/536.28.10 (KHTML, like Gecko) Version/6.0.3 Safari/536.28.10"
70.192.70.16 - - [16/Apr/2013:02:06:53 +0000] "GET /images/footer.png HTTP/1.1" 200 622 "http://howshousing.com/" "Mozilla/5.0 (Linux; Android 4.1.2; DROID RAZR Build/9.8.2O-72_VZW-16) AppleWebKit/537.31 (KHTML, like Gecko) Chrome/26.0.1410.58 Mobile Safari/537.31"
70.192.70.16 - - [16/Apr/2013:02:06:53 +0000] "GET /images/main.png HTTP/1.1" 200 219111 "http://howshousing.com/" "Mozilla/5.0 (Linux; Android 4.1.2; DROID RAZR Build/9.8.2O-72_VZW-16) AppleWebKit/537.31 (KHTML, like Gecko) Chrome/26.0.1410.58 Mobile Safari/537.31"
70.192.70.16 - - [16/Apr/2013:02:06:53 +0000] "GET /favicon.ico HTTP/1.1" 404 503 "-" "Mozilla/5.0 (Linux; Android 4.1.2; DROID RAZR Build/9.8.2O-72_VZW-16) AppleWebKit/537.31 (KHTML, like Gecko) Chrome/26.0.1410.58 Mobile Safari/537.31"
70.192.70.16 - - [16/Apr/2013:02:06:53 +0000] "GET /apple-touch-icon-precomposed.png HTTP/1.1" 404 517 "-" "Mozilla/5.0 (Linux; Android 4.1.2; DROID RAZR Build/9.8.2O-72_VZW-16) AppleWebKit/537.31 (KHTML, like Gecko) Chrome/26.0.1410.58 Mobile Safari/537.31"
70.192.70.16 - - [16/Apr/2013:02:06:53 +0000] "GET /apple-touch-icon.png HTTP/1.1" 404 510 "-" "Mozilla/5.0 (Linux; Android 4.1.2; DROID RAZR Build/9.8.2O-72_VZW-16) AppleWebKit/537.31 (KHTML, like Gecko) Chrome/26.0.1410.58 Mobile Safari/537.31"
198.105.46.69 - - [16/Apr/2013:02:07:06 +0000] "GET /index.html HTTP/1.1" 200 1090 "http://howshousing.com/lastyear.html" "Mozilla/5.0 (Macintosh; Intel Mac OS X 10_7_5) AppleWebKit/536.28.10 (KHTML, like Gecko) Version/6.0.3 Safari/536.28.10"
198.105.46.69 - - [16/Apr/2013:02:07:08 +0000] "GET /rules.html HTTP/1.1" 200 1149 "http://howshousing.com/index.html" "Mozilla/5.0 (Macintosh; Intel Mac OS X 10_7_5) AppleWebKit/536.28.10 (KHTML, like Gecko) Version/6.0.3 Safari/536.28.10"
198.105.46.70 - - [16/Apr/2013:02:07:21 +0000] "GET / HTTP/1.1" 200 1090 "-" "Mozilla/5.0 (Macintosh; Intel Mac OS X 10_7_5) AppleWebKit/536.26.17 (KHTML, like Gecko) Version/6.0.2 Safari/536.26.17"
198.105.46.70 - - [16/Apr/2013:02:07:21 +0000] "GET /style.css HTTP/1.1" 200 1210 "http://howshousing.com/" "Mozilla/5.0 (Macintosh; Intel Mac OS X 10_7_5) AppleWebKit/536.26.17 (KHTML, like Gecko) Version/6.0.2 Safari/536.26.17"
198.105.46.70 - - [16/Apr/2013:02:07:21 +0000] "GET /images/background.png HTTP/1.1" 200 759 "http://howshousing.com/" "Mozilla/5.0 (Macintosh; Intel Mac OS X 10_7_5) AppleWebKit/536.26.17 (KHTML, like Gecko) Version/6.0.2 Safari/536.26.17"
198.105.46.70 - - [16/Apr/2013:02:07:21 +0000] "GET /images/content_back.png HTTP/1.1" 200 585 "http://howshousing.com/" "Mozilla/5.0 (Macintosh; Intel Mac OS X 10_7_5) AppleWebKit/536.26.17 (KHTML, like Gecko) Version/6.0.2 Safari/536.26.17"
198.105.46.70 - - [16/Apr/2013:02:07:21 +0000] "GET /images/footer.png HTTP/1.1" 200 623 "http://howshousing.com/" "Mozilla/5.0 (Macintosh; Intel Mac OS X 10_7_5) AppleWebKit/536.26.17 (KHTML, like Gecko) Version/6.0.2 Safari/536.26.17"
198.105.46.70 - - [16/Apr/2013:02:07:21 +0000] "GET /images/main.png HTTP/1.1" 200 219111 "http://howshousing.com/" "Mozilla/5.0 (Macintosh; Intel Mac OS X 10_7_5) AppleWebKit/536.26.17 (KHTML, like Gecko) Version/6.0.2 Safari/536.26.17"
198.105.46.70 - - [16/Apr/2013:02:07:22 +0000] "GET /favicon.ico HTTP/1.1" 404 504 "http://howshousing.com/" "Mozilla/5.0 (Macintosh; Intel Mac OS X 10_7_5) AppleWebKit/536.26.17 (KHTML, like Gecko) Version/6.0.2 Safari/536.26.17"
